// Jest Snapshot v1, https://goo.gl/fbAQLP

exports[`Header renders correctly 1`] = `
<DocumentFragment>
  <header
    class="header"
  >
    <h1>
      My 
      <strong>
        Record
      </strong>
       Shelf
    </h1>
  </header>
</DocumentFragment>
`;
