// Jest Snapshot v1, https://goo.gl/fbAQLP

exports[`GenereIcon should render correctly 1`] = `
<DocumentFragment>
  <div
    class="genre-icon"
  >
    <img
      alt="pop"
      src="genre-pop.png"
    />
    <div>
      <button
        class="rounded-button"
      >
        pop
      </button>
    </div>
  </div>
</DocumentFragment>
`;
